2026-08-04 01:59:04.066856: I tensorflow/core/platform/cpu_feature_guard.cc:210] This TensorFlow binary is optimized to use available CPU instructions in performance-critical operations.
To enable the following instructions: AVX2 FMA, in other operations, rebuild TensorFlow with the appropriate compiler flags.
2026-08-04 01:59:04.795067: W tensorflow/compiler/tf2tensorrt/utils/py_utils.cc:38] TF-TRT Warning: Could not find TensorRT
[class 3] === START 01:59:09 n_steps=1500 coskew_weight=100.0 cokurt_weight=100.0 (Gram trick, no approx) ===
[class 3] loading CIFAR-10 ...
[class 3] data loaded in 1.6s
[class 3] 5000 real samples, D=3072, device=cuda
[class3] step     0/1500 means=0.00010718 cov=0.00000088 coskew=0.00093745 cokurt=0.00043895 bounds=0.00000000 elapsed=0.2s
[class3] step   300/1500 means=0.00000039 cov=0.00000075 coskew=0.00004220 cokurt=0.00003767 bounds=0.00000055 elapsed=18.2s
[class3] step   600/1500 means=0.00000079 cov=0.00000077 coskew=0.00003476 cokurt=0.00003070 bounds=0.00000040 elapsed=36.8s
[class3] step   900/1500 means=0.00000146 cov=0.00000077 coskew=0.00003150 cokurt=0.00002670 bounds=0.00000031 elapsed=55.7s
[class3] step  1200/1500 means=0.00000035 cov=0.00000077 coskew=0.00002914 cokurt=0.00002394 bounds=0.00000027 elapsed=74.9s
[class3] step  1499/1500 means=0.00000038 cov=0.00000076 coskew=0.00002732 cokurt=0.00002175 bounds=0.00000022 elapsed=94.2s
[class3] [final] coskew_weight=100.0 cokurt_weight=100.0  means=0.00000187 cov=0.00000077 coskew_norm=0.00002736 cokurt_norm=0.00002172 bounds=0.00000024 range=[-0.0289,1.0034]
[class 3] optimization done in 96.1s (1.6 min)
[class 3] saved to /home/nakano/server/moment_data/deletion/fourth_order_gram/_partial/class3.npz
[class 3] shape=(5000, 32, 32, 3) range=[0.0000,1.0000]
[class 3] === END 02:00:50 total_wall=100.8s (1.7 min) ===
2026-08-04 02:00:52.467361: I tensorflow/core/platform/cpu_feature_guard.cc:210] This TensorFlow binary is optimized to use available CPU instructions in performance-critical operations.
To enable the following instructions: AVX2 FMA, in other operations, rebuild TensorFlow with the appropriate compiler flags.
2026-08-04 02:00:53.189123: W tensorflow/compiler/tf2tensorrt/utils/py_utils.cc:38] TF-TRT Warning: Could not find TensorRT
[class 7] === START 02:00:57 n_steps=1500 coskew_weight=100.0 cokurt_weight=100.0 (Gram trick, no approx) ===
[class 7] loading CIFAR-10 ...
[class 7] data loaded in 1.9s
[class 7] 5000 real samples, D=3072, device=cuda
[class7] step     0/1500 means=0.00008645 cov=0.00000073 coskew=0.00055949 cokurt=0.00029918 bounds=0.00000000 elapsed=0.2s
[class7] step   300/1500 means=0.00000049 cov=0.00000085 coskew=0.00003878 cokurt=0.00003286 bounds=0.00000060 elapsed=18.9s
[class7] step   600/1500 means=0.00000111 cov=0.00000085 coskew=0.00003314 cokurt=0.00002599 bounds=0.00000048 elapsed=38.3s
[class7] step   900/1500 means=0.00000129 cov=0.00000083 coskew=0.00002933 cokurt=0.00002179 bounds=0.00000032 elapsed=57.8s
[class7] step  1200/1500 means=0.00000110 cov=0.00000082 coskew=0.00002650 cokurt=0.00001879 bounds=0.00000028 elapsed=77.3s
[class7] step  1499/1500 means=0.00000097 cov=0.00000080 coskew=0.00002430 cokurt=0.00001646 bounds=0.00000015 elapsed=96.8s
[class7] [final] coskew_weight=100.0 cokurt_weight=100.0  means=0.00000216 cov=0.00000080 coskew_norm=0.00002429 cokurt_norm=0.00001645 bounds=0.00000025 range=[-0.0020,1.0030]
[class 7] optimization done in 98.7s (1.6 min)
[class 7] saved to /home/nakano/server/moment_data/deletion/fourth_order_gram/_partial/class7.npz
[class 7] shape=(5000, 32, 32, 3) range=[0.0000,1.0000]
[class 7] === END 02:02:40 total_wall=103.7s (1.7 min) ===
