2026-08-12 05:36:26.574132: I tensorflow/core/platform/cpu_feature_guard.cc:210] This TensorFlow binary is optimized to use available CPU instructions in performance-critical operations.
To enable the following instructions: AVX2 FMA, in other operations, rebuild TensorFlow with the appropriate compiler flags.
2026-08-12 05:36:27.328431: W tensorflow/compiler/tf2tensorrt/utils/py_utils.cc:38] TF-TRT Warning: Could not find TensorRT
2026-08-12 05:36:29.351978: W tensorflow/core/common_runtime/gpu/gpu_device.cc:2251] Cannot dlopen some GPU libraries. Please make sure the missing libraries mentioned above are installed properly if you would like to use GPU. Follow the guide at https://www.tensorflow.org/install/gpu for how to download and setup the required libraries for your platform.
Skipping registering GPU devices...
[class 2] === START 05:36:31 n_steps=1500 coskew_batch=5000 slice_size=16 ===
[class 2] loading CIFAR-10 ...
[class 2] data loaded in 1.7s
[class 2] 5000 real samples, D=3072, device=cuda
  [setup] N_real=5000 D=3072 n_fake=5000 coskew_batch=5000 slice_size=16 num_slices=192 n_steps=1500 device=cuda

[class2]   [detail] step     0/1500 means=0.000089 cov=0.000001 coskew(mb)=0.000000 bounds=0.000000 | interval 66.586s/step elapsed=1.1min | mem alloc=1.68GB reserved=6.90GB

[class2]   [detail] step   100/1500 means=0.000001 cov=0.000001 coskew(mb)=0.000000 bounds=0.000000 | interval 66.458s/step elapsed=111.9min | mem alloc=1.68GB reserved=6.90GB

[class2]   [detail] step   200/1500 means=0.000001 cov=0.000001 coskew(mb)=0.000000 bounds=0.000000 | interval 66.436s/step elapsed=222.6min | mem alloc=1.68GB reserved=6.90GB

[class2]   [detail] step   300/1500 means=0.000000 cov=0.000001 coskew(mb)=0.000000 bounds=0.000000 | interval 66.452s/step elapsed=333.4min | mem alloc=1.68GB reserved=6.90GB

[class2]   [detail] step   400/1500 means=0.000001 cov=0.000001 coskew(mb)=0.000000 bounds=0.000000 | interval 66.462s/step elapsed=444.1min | mem alloc=1.68GB reserved=6.90GB

[class2]   [detail] step   500/1500 means=0.000001 cov=0.000001 coskew(mb)=0.000000 bounds=0.000000 | interval 66.442s/step elapsed=554.9min | mem alloc=1.68GB reserved=6.90GB

[class2]   [detail] step   600/1500 means=0.000001 cov=0.000000 coskew(mb)=0.000000 bounds=0.000000 | interval 66.469s/step elapsed=665.6min | mem alloc=1.68GB reserved=6.90GB

[class2]   [detail] step   700/1500 means=0.000001 cov=0.000000 coskew(mb)=0.000000 bounds=0.000000 | interval 66.458s/step elapsed=776.4min | mem alloc=1.68GB reserved=6.90GB

[class2]   [detail] step   800/1500 means=0.000001 cov=0.000000 coskew(mb)=0.000000 bounds=0.000000 | interval 66.467s/step elapsed=887.2min | mem alloc=1.68GB reserved=6.90GB

[class2]   [detail] step   900/1500 means=0.000000 cov=0.000000 coskew(mb)=0.000000 bounds=0.000000 | interval 66.459s/step elapsed=997.9min | mem alloc=1.68GB reserved=6.90GB

[class2]   [detail] step  1000/1500 means=0.000000 cov=0.000000 coskew(mb)=0.000000 bounds=0.000000 | interval 66.471s/step elapsed=1108.7min | mem alloc=1.68GB reserved=6.90GB

[class2]   [detail] step  1100/1500 means=0.000001 cov=0.000000 coskew(mb)=0.000000 bounds=0.000000 | interval 66.450s/step elapsed=1219.5min | mem alloc=1.68GB reserved=6.90GB

[class2]   [detail] step  1200/1500 means=0.000001 cov=0.000000 coskew(mb)=0.000000 bounds=0.000000 | interval 66.459s/step elapsed=1330.3min | mem alloc=1.68GB reserved=6.90GB

[class2]   [detail] step  1300/1500 means=0.000001 cov=0.000000 coskew(mb)=0.000000 bounds=0.000000 | interval 66.450s/step elapsed=1441.0min | mem alloc=1.68GB reserved=6.90GB

[class2]   [detail] step  1400/1500 means=0.000001 cov=0.000000 coskew(mb)=0.000000 bounds=0.000000 | interval 66.447s/step elapsed=1551.7min | mem alloc=1.68GB reserved=6.90GB

[class2]   [detail] step  1499/1500 means=0.000000 cov=0.000000 coskew(mb)=0.000000 bounds=0.000000 | interval 65.806s/step elapsed=1661.4min | mem alloc=1.68GB reserved=6.90GB
  [final full-fake subloss] means=0.000001 cov=0.000000 coskew=0.000000 bounds=0.000000 range=[-0.0000,1.0000]
[class 2] optimization done in 99718.8s (1662.0 min)
[class 2] saved to /home/nakano/server/moment_data/deletion/third_order_naive/_partial/class2.npz
[class 2] shape=(5000, 32, 32, 3) range=[0.0000,1.0000]
[class 2] === END 09:18:36 total_wall=99725.8s (1662.1 min) ===
