2026-08-13 18:08:53.171451: I tensorflow/core/platform/cpu_feature_guard.cc:210] This TensorFlow binary is optimized to use available CPU instructions in performance-critical operations.
To enable the following instructions: AVX2 FMA, in other operations, rebuild TensorFlow with the appropriate compiler flags.
2026-08-13 18:08:53.907982: W tensorflow/compiler/tf2tensorrt/utils/py_utils.cc:38] TF-TRT Warning: Could not find TensorRT
[fifth_order_gram class 0] === START 18:08:58 order=5 entropy=False n_steps=1500 ===
[fifth_order_gram class 0] data loaded in 1.9s
[fifth_order_gram class 0] 5000 real samples, D=3072, device=cuda
[fifth_order_gram_class0] step     0/1500 order=5 loss=0.143014 means=0.00007695 cov=0.00000083 m3=0.000906 m4=0.000418 m5=0.000105 bounds=0.00000000 elapsed=0.2s
[fifth_order_gram_class0] step   300/1500 order=5 loss=0.008350 means=0.00000300 cov=0.00000062 m3=0.000039 m4=0.000029 m5=0.000015 bounds=0.00000935 elapsed=42.3s
[fifth_order_gram_class0] step   600/1500 order=5 loss=0.006555 means=0.00000280 cov=0.00000065 m3=0.000032 m4=0.000022 m5=0.000012 bounds=0.00000187 elapsed=85.7s
[fifth_order_gram_class0] step   900/1500 order=5 loss=0.005629 means=0.00000274 cov=0.00000066 m3=0.000028 m4=0.000018 m5=0.000010 bounds=0.00000063 elapsed=130.0s
[fifth_order_gram_class0] step  1200/1500 order=5 loss=0.005021 means=0.00000294 cov=0.00000066 m3=0.000026 m4=0.000016 m5=0.000008 bounds=0.00000036 elapsed=174.8s
[fifth_order_gram_class0] step  1499/1500 order=5 loss=0.004593 means=0.00000059 cov=0.00000067 m3=0.000024 m4=0.000014 m5=0.000007 bounds=0.00000031 elapsed=219.6s
[fifth_order_gram_class0] [final] order=5 use_entropy=False means=0.00000241 cov=6.658730171693605e-07 moments={3: 2.4403904585231997e-05, 4: 1.4102346742422216e-05, 5: 7.439006878837657e-06} bounds=0.00000030 range=[-0.0559,1.0819]
[fifth_order_gram class 0] optimization done in 221.2s (3.7 min)
[fifth_order_gram class 0] saved to /home/nakano/server/moment_data/deletion/fifth_order_gram/_partial/class0.npz
[fifth_order_gram class 0] shape=(5000, 32, 32, 3) range=[0.0000,1.0000]
[fifth_order_gram class 0] === END 18:12:45 total_wall=226.3s (3.8 min) ===
2026-08-13 18:12:47.270262: I tensorflow/core/platform/cpu_feature_guard.cc:210] This TensorFlow binary is optimized to use available CPU instructions in performance-critical operations.
To enable the following instructions: AVX2 FMA, in other operations, rebuild TensorFlow with the appropriate compiler flags.
2026-08-13 18:12:47.984050: W tensorflow/compiler/tf2tensorrt/utils/py_utils.cc:38] TF-TRT Warning: Could not find TensorRT
[fifth_order_gram class 1] === START 18:12:51 order=5 entropy=False n_steps=1500 ===
[fifth_order_gram class 1] data loaded in 1.7s
[fifth_order_gram class 1] 5000 real samples, D=3072, device=cuda
[fifth_order_gram_class1] step     0/1500 order=5 loss=0.217137 means=0.00008746 cov=0.00000113 m3=0.001465 m4=0.000517 m5=0.000189 bounds=0.00000000 elapsed=0.2s
[fifth_order_gram_class1] step   300/1500 order=5 loss=0.011385 means=0.00000062 cov=0.00000076 m3=0.000053 m4=0.000042 m5=0.000019 bounds=0.00005812 elapsed=44.6s
[fifth_order_gram_class1] step   600/1500 order=5 loss=0.009256 means=0.00000280 cov=0.00000072 m3=0.000044 m4=0.000033 m5=0.000015 bounds=0.00002847 elapsed=89.7s
[fifth_order_gram_class1] step   900/1500 order=5 loss=0.008014 means=0.00000317 cov=0.00000067 m3=0.000040 m4=0.000028 m5=0.000012 bounds=0.00001622 elapsed=134.8s
[fifth_order_gram_class1] step  1200/1500 order=5 loss=0.007092 means=0.00000305 cov=0.00000063 m3=0.000036 m4=0.000024 m5=0.000011 bounds=0.00000964 elapsed=179.9s
[fifth_order_gram_class1] step  1499/1500 order=5 loss=0.006401 means=0.00000058 cov=0.00000058 m3=0.000033 m4=0.000021 m5=0.000010 bounds=0.00000590 elapsed=224.8s
[fifth_order_gram_class1] [final] order=5 use_entropy=False means=0.00000316 cov=5.84927533964219e-07 moments={3: 3.295253153140051e-05, 4: 2.1479050499490564e-05, 5: 9.458519714176591e-06} bounds=0.00000610 range=[-0.0690,1.2245]
[fifth_order_gram class 1] optimization done in 226.3s (3.8 min)
[fifth_order_gram class 1] saved to /home/nakano/server/moment_data/deletion/fifth_order_gram/_partial/class1.npz
[fifth_order_gram class 1] shape=(5000, 32, 32, 3) range=[0.0000,1.0000]
[fifth_order_gram class 1] === END 18:16:42 total_wall=231.1s (3.9 min) ===
2026-08-13 18:16:44.892287: I tensorflow/core/platform/cpu_feature_guard.cc:210] This TensorFlow binary is optimized to use available CPU instructions in performance-critical operations.
To enable the following instructions: AVX2 FMA, in other operations, rebuild TensorFlow with the appropriate compiler flags.
2026-08-13 18:16:45.611642: W tensorflow/compiler/tf2tensorrt/utils/py_utils.cc:38] TF-TRT Warning: Could not find TensorRT
[fifth_order_gram class 2] === START 18:16:49 order=5 entropy=False n_steps=1500 ===
[fifth_order_gram class 2] data loaded in 2.0s
[fifth_order_gram class 2] 5000 real samples, D=3072, device=cuda
[fifth_order_gram_class2] step     0/1500 order=5 loss=0.149158 means=0.00009259 cov=0.00000053 m3=0.000972 m4=0.000363 m5=0.000156 bounds=0.00000000 elapsed=0.2s
[fifth_order_gram_class2] step   300/1500 order=5 loss=0.007661 means=0.00000043 cov=0.00000063 m3=0.000037 m4=0.000026 m5=0.000013 bounds=0.00002711 elapsed=44.6s
[fifth_order_gram_class2] step   600/1500 order=5 loss=0.006022 means=0.00000049 cov=0.00000064 m3=0.000030 m4=0.000020 m5=0.000010 bounds=0.00000823 elapsed=89.8s
[fifth_order_gram_class2] step   900/1500 order=5 loss=0.005195 means=0.00000034 cov=0.00000064 m3=0.000027 m4=0.000017 m5=0.000009 bounds=0.00000282 elapsed=134.9s
[fifth_order_gram_class2] step  1200/1500 order=5 loss=0.004657 means=0.00000041 cov=0.00000065 m3=0.000025 m4=0.000014 m5=0.000008 bounds=0.00000102 elapsed=180.0s
[fifth_order_gram_class2] step  1499/1500 order=5 loss=0.004265 means=0.00000315 cov=0.00000065 m3=0.000023 m4=0.000013 m5=0.000007 bounds=0.00000044 elapsed=224.8s
[fifth_order_gram_class2] [final] order=5 use_entropy=False means=0.00000019 cov=6.466295872087358e-07 moments={3: 2.2967519215162044e-05, 4: 1.2835187792208873e-05, 5: 6.779199847132335e-06} bounds=0.00000036 range=[-0.1608,1.1408]
[fifth_order_gram class 2] optimization done in 226.3s (3.8 min)
[fifth_order_gram class 2] saved to /home/nakano/server/moment_data/deletion/fifth_order_gram/_partial/class2.npz
[fifth_order_gram class 2] shape=(5000, 32, 32, 3) range=[0.0000,1.0000]
[fifth_order_gram class 2] === END 18:20:40 total_wall=231.5s (3.9 min) ===
2026-08-13 18:20:42.792752: I tensorflow/core/platform/cpu_feature_guard.cc:210] This TensorFlow binary is optimized to use available CPU instructions in performance-critical operations.
To enable the following instructions: AVX2 FMA, in other operations, rebuild TensorFlow with the appropriate compiler flags.
2026-08-13 18:20:43.507637: W tensorflow/compiler/tf2tensorrt/utils/py_utils.cc:38] TF-TRT Warning: Could not find TensorRT
[fifth_order_gram class 3] === START 18:20:47 order=5 entropy=False n_steps=1500 ===
[fifth_order_gram class 3] data loaded in 1.7s
[fifth_order_gram class 3] 5000 real samples, D=3072, device=cuda
[fifth_order_gram_class3] step     0/1500 order=5 loss=0.152590 means=0.00010718 cov=0.00000088 m3=0.000937 m4=0.000439 m5=0.000148 bounds=0.00000000 elapsed=0.2s
[fifth_order_gram_class3] step   300/1500 order=5 loss=0.009734 means=0.00000324 cov=0.00000060 m3=0.000042 m4=0.000036 m5=0.000019 bounds=0.00002162 elapsed=44.6s
[fifth_order_gram_class3] step   600/1500 order=5 loss=0.007801 means=0.00000269 cov=0.00000058 m3=0.000035 m4=0.000029 m5=0.000015 bounds=0.00000524 elapsed=89.8s
[fifth_order_gram_class3] step   900/1500 order=5 loss=0.006720 means=0.00000300 cov=0.00000056 m3=0.000031 m4=0.000024 m5=0.000012 bounds=0.00000196 elapsed=135.0s
[fifth_order_gram_class3] step  1200/1500 order=5 loss=0.006009 means=0.00000234 cov=0.00000054 m3=0.000029 m4=0.000021 m5=0.000011 bounds=0.00000112 elapsed=180.0s
[fifth_order_gram_class3] step  1499/1500 order=5 loss=0.005451 means=0.00000070 cov=0.00000052 m3=0.000026 m4=0.000019 m5=0.000009 bounds=0.00000060 elapsed=224.7s
[fifth_order_gram_class3] [final] order=5 use_entropy=False means=0.00000273 cov=5.266240918899712e-07 moments={3: 2.6506631060834404e-05, 4: 1.8589326322803066e-05, 5: 9.368763131780916e-06} bounds=0.00000075 range=[-0.0855,1.1158]
[fifth_order_gram class 3] optimization done in 226.2s (3.8 min)
[fifth_order_gram class 3] saved to /home/nakano/server/moment_data/deletion/fifth_order_gram/_partial/class3.npz
[fifth_order_gram class 3] shape=(5000, 32, 32, 3) range=[0.0000,1.0000]
[fifth_order_gram class 3] === END 18:24:38 total_wall=231.0s (3.8 min) ===
2026-08-13 18:24:40.191365: I tensorflow/core/platform/cpu_feature_guard.cc:210] This TensorFlow binary is optimized to use available CPU instructions in performance-critical operations.
To enable the following instructions: AVX2 FMA, in other operations, rebuild TensorFlow with the appropriate compiler flags.
2026-08-13 18:24:40.918240: W tensorflow/compiler/tf2tensorrt/utils/py_utils.cc:38] TF-TRT Warning: Could not find TensorRT
[fifth_order_gram class 4] === START 18:24:44 order=5 entropy=False n_steps=1500 ===
[fifth_order_gram class 4] data loaded in 2.0s
[fifth_order_gram class 4] 5000 real samples, D=3072, device=cuda
[fifth_order_gram_class4] step     0/1500 order=5 loss=0.095608 means=0.00009890 cov=0.00000039 m3=0.000635 m4=0.000237 m5=0.000083 bounds=0.00000000 elapsed=0.2s
[fifth_order_gram_class4] step   300/1500 order=5 loss=0.005737 means=0.00000115 cov=0.00000052 m3=0.000028 m4=0.000020 m5=0.000010 bounds=0.00000618 elapsed=44.4s
[fifth_order_gram_class4] step   600/1500 order=5 loss=0.004463 means=0.00000155 cov=0.00000050 m3=0.000023 m4=0.000015 m5=0.000007 bounds=0.00000140 elapsed=89.4s
[fifth_order_gram_class4] step   900/1500 order=5 loss=0.003804 means=0.00000046 cov=0.00000048 m3=0.000020 m4=0.000012 m5=0.000006 bounds=0.00000038 elapsed=134.4s
[fifth_order_gram_class4] step  1200/1500 order=5 loss=0.003372 means=0.00000040 cov=0.00000046 m3=0.000018 m4=0.000010 m5=0.000005 bounds=0.00000016 elapsed=179.4s
[fifth_order_gram_class4] step  1499/1500 order=5 loss=0.003065 means=0.00000329 cov=0.00000044 m3=0.000017 m4=0.000009 m5=0.000004 bounds=0.00000013 elapsed=224.2s
[fifth_order_gram_class4] [final] order=5 use_entropy=False means=0.00000052 cov=4.3833207996613055e-07 moments={3: 1.726494887373649e-05, 4: 9.016268854288177e-06, 5: 4.313933326126764e-06} bounds=0.00000009 range=[-0.0270,1.0303]
[fifth_order_gram class 4] optimization done in 225.7s (3.8 min)
[fifth_order_gram class 4] saved to /home/nakano/server/moment_data/deletion/fifth_order_gram/_partial/class4.npz
[fifth_order_gram class 4] shape=(5000, 32, 32, 3) range=[0.0000,1.0000]
[fifth_order_gram class 4] === END 18:28:35 total_wall=230.8s (3.8 min) ===
2026-08-13 18:28:37.464365: I tensorflow/core/platform/cpu_feature_guard.cc:210] This TensorFlow binary is optimized to use available CPU instructions in performance-critical operations.
To enable the following instructions: AVX2 FMA, in other operations, rebuild TensorFlow with the appropriate compiler flags.
2026-08-13 18:28:38.187260: W tensorflow/compiler/tf2tensorrt/utils/py_utils.cc:38] TF-TRT Warning: Could not find TensorRT
[fifth_order_gram class 5] === START 18:28:41 order=5 entropy=False n_steps=1500 ===
[fifth_order_gram class 5] data loaded in 2.0s
[fifth_order_gram class 5] 5000 real samples, D=3072, device=cuda
[fifth_order_gram_class5] step     0/1500 order=5 loss=0.118465 means=0.00009646 cov=0.00000063 m3=0.000752 m4=0.000315 m5=0.000117 bounds=0.00000000 elapsed=0.2s
[fifth_order_gram_class5] step   300/1500 order=5 loss=0.008587 means=0.00000061 cov=0.00000044 m3=0.000037 m4=0.000033 m5=0.000016 bounds=0.00000873 elapsed=44.5s
[fifth_order_gram_class5] step   600/1500 order=5 loss=0.006806 means=0.00000151 cov=0.00000041 m3=0.000031 m4=0.000025 m5=0.000012 bounds=0.00000114 elapsed=89.5s
[fifth_order_gram_class5] step   900/1500 order=5 loss=0.005700 means=0.00000235 cov=0.00000039 m3=0.000027 m4=0.000021 m5=0.000010 bounds=0.00000043 elapsed=134.7s
[fifth_order_gram_class5] step  1200/1500 order=5 loss=0.004971 means=0.00000152 cov=0.00000037 m3=0.000024 m4=0.000017 m5=0.000008 bounds=0.00000031 elapsed=179.7s
[fifth_order_gram_class5] step  1499/1500 order=5 loss=0.004388 means=0.00000043 cov=0.00000035 m3=0.000022 m4=0.000015 m5=0.000007 bounds=0.00000019 elapsed=224.5s
[fifth_order_gram_class5] [final] order=5 use_entropy=False means=0.00000303 cov=3.550400151652866e-07 moments={3: 2.193066965874198e-05, 4: 1.5015487507399586e-05, 5: 6.844994269221046e-06} bounds=0.00000022 range=[-0.0393,1.0204]
[fifth_order_gram class 5] optimization done in 226.0s (3.8 min)
[fifth_order_gram class 5] saved to /home/nakano/server/moment_data/deletion/fifth_order_gram/_partial/class5.npz
[fifth_order_gram class 5] shape=(5000, 32, 32, 3) range=[0.0000,1.0000]
[fifth_order_gram class 5] === END 18:32:32 total_wall=231.1s (3.9 min) ===
2026-08-13 18:32:35.033523: I tensorflow/core/platform/cpu_feature_guard.cc:210] This TensorFlow binary is optimized to use available CPU instructions in performance-critical operations.
To enable the following instructions: AVX2 FMA, in other operations, rebuild TensorFlow with the appropriate compiler flags.
2026-08-13 18:32:35.758430: W tensorflow/compiler/tf2tensorrt/utils/py_utils.cc:38] TF-TRT Warning: Could not find TensorRT
[fifth_order_gram class 6] === START 18:32:39 order=5 entropy=False n_steps=1500 ===
[fifth_order_gram class 6] data loaded in 1.7s
[fifth_order_gram class 6] 5000 real samples, D=3072, device=cuda
[fifth_order_gram_class6] step     0/1500 order=5 loss=0.203964 means=0.00012458 cov=0.00000064 m3=0.001366 m4=0.000457 m5=0.000216 bounds=0.00000000 elapsed=0.2s
[fifth_order_gram_class6] step   300/1500 order=5 loss=0.007623 means=0.00000294 cov=0.00000070 m3=0.000038 m4=0.000025 m5=0.000013 bounds=0.00010436 elapsed=44.6s
[fifth_order_gram_class6] step   600/1500 order=5 loss=0.006025 means=0.00000311 cov=0.00000069 m3=0.000031 m4=0.000019 m5=0.000010 bounds=0.00004867 elapsed=89.6s
[fifth_order_gram_class6] step   900/1500 order=5 loss=0.005220 means=0.00000323 cov=0.00000068 m3=0.000028 m4=0.000016 m5=0.000008 bounds=0.00003025 elapsed=134.7s
[fifth_order_gram_class6] step  1200/1500 order=5 loss=0.004695 means=0.00000345 cov=0.00000067 m3=0.000026 m4=0.000014 m5=0.000007 bounds=0.00002137 elapsed=179.7s
[fifth_order_gram_class6] step  1499/1500 order=5 loss=0.004301 means=0.00000038 cov=0.00000064 m3=0.000024 m4=0.000013 m5=0.000006 bounds=0.00001511 elapsed=224.5s
[fifth_order_gram_class6] [final] order=5 use_entropy=False means=0.00000348 cov=6.518191639770521e-07 moments={3: 2.389055014375917e-05, 4: 1.2577149997620532e-05, 5: 6.329508634013332e-06} bounds=0.00001547 range=[-0.0716,1.3708]
[fifth_order_gram class 6] optimization done in 226.0s (3.8 min)
[fifth_order_gram class 6] saved to /home/nakano/server/moment_data/deletion/fifth_order_gram/_partial/class6.npz
[fifth_order_gram class 6] shape=(5000, 32, 32, 3) range=[0.0000,1.0000]
[fifth_order_gram class 6] === END 18:36:30 total_wall=230.8s (3.8 min) ===
2026-08-13 18:36:32.391822: I tensorflow/core/platform/cpu_feature_guard.cc:210] This TensorFlow binary is optimized to use available CPU instructions in performance-critical operations.
To enable the following instructions: AVX2 FMA, in other operations, rebuild TensorFlow with the appropriate compiler flags.
2026-08-13 18:36:33.109500: W tensorflow/compiler/tf2tensorrt/utils/py_utils.cc:38] TF-TRT Warning: Could not find TensorRT
[fifth_order_gram class 7] === START 18:36:36 order=5 entropy=False n_steps=1500 ===
[fifth_order_gram class 7] data loaded in 1.7s
[fifth_order_gram class 7] 5000 real samples, D=3072, device=cuda
[fifth_order_gram_class7] step     0/1500 order=5 loss=0.092012 means=0.00008645 cov=0.00000073 m3=0.000559 m4=0.000299 m5=0.000061 bounds=0.00000000 elapsed=0.2s
[fifth_order_gram_class7] step   300/1500 order=5 loss=0.008300 means=0.00000035 cov=0.00000067 m3=0.000037 m4=0.000031 m5=0.000014 bounds=0.00000289 elapsed=44.6s
[fifth_order_gram_class7] step   600/1500 order=5 loss=0.006582 means=0.00000159 cov=0.00000061 m3=0.000032 m4=0.000023 m5=0.000011 bounds=0.00000078 elapsed=89.6s
[fifth_order_gram_class7] step   900/1500 order=5 loss=0.005421 means=0.00000100 cov=0.00000055 m3=0.000027 m4=0.000019 m5=0.000008 bounds=0.00000033 elapsed=134.7s
[fifth_order_gram_class7] step  1200/1500 order=5 loss=0.004611 means=0.00000064 cov=0.00000050 m3=0.000024 m4=0.000015 m5=0.000007 bounds=0.00000029 elapsed=179.7s
[fifth_order_gram_class7] step  1499/1500 order=5 loss=0.004020 means=0.00000298 cov=0.00000046 m3=0.000022 m4=0.000013 m5=0.000006 bounds=0.00000023 elapsed=224.5s
[fifth_order_gram_class7] [final] order=5 use_entropy=False means=0.00000072 cov=4.653406904253643e-07 moments={3: 2.165165131051535e-05, 4: 1.2899761107595017e-05, 5: 5.608537835726046e-06} bounds=0.00000027 range=[-0.0374,1.0116]
[fifth_order_gram class 7] optimization done in 225.9s (3.8 min)
[fifth_order_gram class 7] saved to /home/nakano/server/moment_data/deletion/fifth_order_gram/_partial/class7.npz
[fifth_order_gram class 7] shape=(5000, 32, 32, 3) range=[0.0000,1.0000]
[fifth_order_gram class 7] === END 18:40:27 total_wall=230.7s (3.8 min) ===
2026-08-13 18:40:29.613146: I tensorflow/core/platform/cpu_feature_guard.cc:210] This TensorFlow binary is optimized to use available CPU instructions in performance-critical operations.
To enable the following instructions: AVX2 FMA, in other operations, rebuild TensorFlow with the appropriate compiler flags.
2026-08-13 18:40:30.327482: W tensorflow/compiler/tf2tensorrt/utils/py_utils.cc:38] TF-TRT Warning: Could not find TensorRT
[fifth_order_gram class 8] === START 18:40:33 order=5 entropy=False n_steps=1500 ===
[fifth_order_gram class 8] data loaded in 2.0s
[fifth_order_gram class 8] 5000 real samples, D=3072, device=cuda
[fifth_order_gram_class8] step     0/1500 order=5 loss=0.085977 means=0.00005629 cov=0.00000068 m3=0.000566 m4=0.000240 m5=0.000054 bounds=0.00000000 elapsed=0.2s
[fifth_order_gram_class8] step   300/1500 order=5 loss=0.006656 means=0.00000142 cov=0.00000040 m3=0.000031 m4=0.000024 m5=0.000012 bounds=0.00000094 elapsed=44.4s
[fifth_order_gram_class8] step   600/1500 order=5 loss=0.005233 means=0.00000081 cov=0.00000042 m3=0.000025 m4=0.000019 m5=0.000009 bounds=0.00000018 elapsed=89.2s
[fifth_order_gram_class8] step   900/1500 order=5 loss=0.004468 means=0.00000211 cov=0.00000042 m3=0.000022 m4=0.000015 m5=0.000007 bounds=0.00000012 elapsed=134.2s
[fifth_order_gram_class8] step  1200/1500 order=5 loss=0.003952 means=0.00000205 cov=0.00000042 m3=0.000020 m4=0.000013 m5=0.000006 bounds=0.00000010 elapsed=179.2s
[fifth_order_gram_class8] step  1499/1500 order=5 loss=0.003565 means=0.00000050 cov=0.00000042 m3=0.000019 m4=0.000011 m5=0.000005 bounds=0.00000011 elapsed=224.0s
[fifth_order_gram_class8] [final] order=5 use_entropy=False means=0.00000235 cov=4.212573969653022e-07 moments={3: 1.858328543446374e-05, 4: 1.1498904819341584e-05, 5: 5.496090994672019e-06} bounds=0.00000009 range=[-0.0015,1.0038]
[fifth_order_gram class 8] optimization done in 225.5s (3.8 min)
[fifth_order_gram class 8] saved to /home/nakano/server/moment_data/deletion/fifth_order_gram/_partial/class8.npz
[fifth_order_gram class 8] shape=(5000, 32, 32, 3) range=[0.0000,1.0000]
[fifth_order_gram class 8] === END 18:44:24 total_wall=230.7s (3.8 min) ===
2026-08-13 18:44:26.759016: I tensorflow/core/platform/cpu_feature_guard.cc:210] This TensorFlow binary is optimized to use available CPU instructions in performance-critical operations.
To enable the following instructions: AVX2 FMA, in other operations, rebuild TensorFlow with the appropriate compiler flags.
2026-08-13 18:44:27.477428: W tensorflow/compiler/tf2tensorrt/utils/py_utils.cc:38] TF-TRT Warning: Could not find TensorRT
[fifth_order_gram class 9] === START 18:44:31 order=5 entropy=False n_steps=1500 ===
[fifth_order_gram class 9] data loaded in 1.6s
[fifth_order_gram class 9] 5000 real samples, D=3072, device=cuda
[fifth_order_gram_class9] step     0/1500 order=5 loss=0.107271 means=0.00011288 cov=0.00000089 m3=0.000763 m4=0.000242 m5=0.000066 bounds=0.00000000 elapsed=0.2s
[fifth_order_gram_class9] step   300/1500 order=5 loss=0.009977 means=0.00000347 cov=0.00000050 m3=0.000047 m4=0.000037 m5=0.000016 bounds=0.00000128 elapsed=44.5s
[fifth_order_gram_class9] step   600/1500 order=5 loss=0.007447 means=0.00000168 cov=0.00000045 m3=0.000036 m4=0.000027 m5=0.000011 bounds=0.00000095 elapsed=89.5s
[fifth_order_gram_class9] step   900/1500 order=5 loss=0.005976 means=0.00000299 cov=0.00000039 m3=0.000031 m4=0.000021 m5=0.000008 bounds=0.00000084 elapsed=134.6s
[fifth_order_gram_class9] step  1200/1500 order=5 loss=0.004922 means=0.00000203 cov=0.00000035 m3=0.000026 m4=0.000017 m5=0.000007 bounds=0.00000088 elapsed=179.7s
[fifth_order_gram_class9] step  1499/1500 order=5 loss=0.004147 means=0.00000108 cov=0.00000031 m3=0.000023 m4=0.000013 m5=0.000005 bounds=0.00000095 elapsed=224.5s
[fifth_order_gram_class9] [final] order=5 use_entropy=False means=0.00000243 cov=3.099968921560503e-07 moments={3: 2.2523231133596926e-05, 4: 1.349115336779505e-05, 5: 5.322550399970813e-06} bounds=0.00000080 range=[-0.1199,1.1098]
[fifth_order_gram class 9] optimization done in 226.0s (3.8 min)
[fifth_order_gram class 9] saved to /home/nakano/server/moment_data/deletion/fifth_order_gram/_partial/class9.npz
[fifth_order_gram class 9] shape=(5000, 32, 32, 3) range=[0.0000,1.0000]
[fifth_order_gram class 9] === END 18:48:21 total_wall=230.7s (3.8 min) ===
