CMD: /home/nakano/cuda_test/.venv/bin/python /home/nakano/cuda_test/scripts/run_order_one_class_gram.py --order 2 --class_id 1 --n_steps 1500 --force

2026-08-04 21:37:35.390728: I tensorflow/core/platform/cpu_feature_guard.cc:210] This TensorFlow binary is optimized to use available CPU instructions in performance-critical operations.
To enable the following instructions: AVX2 FMA, in other operations, rebuild TensorFlow with the appropriate compiler flags.
2026-08-04 21:37:36.106394: W tensorflow/compiler/tf2tensorrt/utils/py_utils.cc:38] TF-TRT Warning: Could not find TensorRT
/home/nakano/cuda_test/scripts/deletion_first_second_order_gram.py:104: UserWarning: Converting a tensor with requires_grad=True to a scalar may lead to unexpected behavior.
Consider using tensor.detach() first. (Triggered internally at /__w/pytorch/pytorch/torch/csrc/autograd/generated/python_variable_methods.cpp:822.)
  f"means={means_loss.item():.8f} cov={float(cov_loss):.8f} "
[second_order_gram class 1] === START 21:37:39 n_steps=1500 order=2 (Gram trick, gradient-based) ===
[second_order_gram class 1] data loaded in 1.7s
[second_order_gram class 1] 5000 real samples, D=3072, device=cuda
[second_order_gram_class1] step     0/1500 order=2 means=0.00008746 cov=0.00000113 bounds=0.00000000 elapsed=0.2s
[second_order_gram_class1] step   300/1500 order=2 means=0.00000069 cov=0.00000125 bounds=0.00000000 elapsed=5.4s
[second_order_gram_class1] step   600/1500 order=2 means=0.00000060 cov=0.00000121 bounds=0.00000000 elapsed=11.0s
[second_order_gram_class1] step   900/1500 order=2 means=0.00000051 cov=0.00000114 bounds=0.00000000 elapsed=16.6s
[second_order_gram_class1] step  1200/1500 order=2 means=0.00000092 cov=0.00000106 bounds=0.00000000 elapsed=22.3s
[second_order_gram_class1] step  1499/1500 order=2 means=0.00000080 cov=0.00000097 bounds=0.00000000 elapsed=27.9s
[second_order_gram_class1] [final] order=2 means=0.00000084 cov=9.68394033407094e-07 bounds=0.00000000 range=[-0.0000,1.0000]
[second_order_gram class 1] optimization done in 29.4s (0.5 min)
[second_order_gram class 1] saved to /home/nakano/server/moment_data/deletion/second_order_gram/_partial/class1.npz
[second_order_gram class 1] shape=(5000, 32, 32, 3) range=[0.0000,1.0000]
[second_order_gram class 1] === END 21:38:15 total_wall=36.1s (0.6 min) ===
