CMD: /home/nakano/cuda_test/.venv/bin/python /home/nakano/cuda_test/scripts/run_order_one_class_gram.py --order 2 --class_id 3 --n_steps 1500 --force

2026-08-04 21:39:00.417589: I tensorflow/core/platform/cpu_feature_guard.cc:210] This TensorFlow binary is optimized to use available CPU instructions in performance-critical operations.
To enable the following instructions: AVX2 FMA, in other operations, rebuild TensorFlow with the appropriate compiler flags.
2026-08-04 21:39:01.128025: W tensorflow/compiler/tf2tensorrt/utils/py_utils.cc:38] TF-TRT Warning: Could not find TensorRT
/home/nakano/cuda_test/scripts/deletion_first_second_order_gram.py:104: UserWarning: Converting a tensor with requires_grad=True to a scalar may lead to unexpected behavior.
Consider using tensor.detach() first. (Triggered internally at /__w/pytorch/pytorch/torch/csrc/autograd/generated/python_variable_methods.cpp:822.)
  f"means={means_loss.item():.8f} cov={float(cov_loss):.8f} "
[second_order_gram class 3] === START 21:39:04 n_steps=1500 order=2 (Gram trick, gradient-based) ===
[second_order_gram class 3] data loaded in 1.7s
[second_order_gram class 3] 5000 real samples, D=3072, device=cuda
[second_order_gram_class3] step     0/1500 order=2 means=0.00010718 cov=0.00000088 bounds=0.00000000 elapsed=0.2s
[second_order_gram_class3] step   300/1500 order=2 means=0.00000057 cov=0.00000098 bounds=0.00000000 elapsed=5.5s
[second_order_gram_class3] step   600/1500 order=2 means=0.00000068 cov=0.00000091 bounds=0.00000000 elapsed=11.2s
[second_order_gram_class3] step   900/1500 order=2 means=0.00000083 cov=0.00000085 bounds=0.00000000 elapsed=16.9s
[second_order_gram_class3] step  1200/1500 order=2 means=0.00000060 cov=0.00000079 bounds=0.00000000 elapsed=22.6s
[second_order_gram_class3] step  1499/1500 order=2 means=0.00000081 cov=0.00000071 bounds=0.00000000 elapsed=28.3s
[second_order_gram_class3] [final] order=2 means=0.00000049 cov=7.126988634809095e-07 bounds=0.00000000 range=[-0.0000,1.0000]
[second_order_gram class 3] optimization done in 29.9s (0.5 min)
[second_order_gram class 3] saved to /home/nakano/server/moment_data/deletion/second_order_gram/_partial/class3.npz
[second_order_gram class 3] shape=(5000, 32, 32, 3) range=[0.0000,1.0000]
[second_order_gram class 3] === END 21:39:39 total_wall=34.9s (0.6 min) ===
