2026-08-13 18:08:53.170300: I tensorflow/core/platform/cpu_feature_guard.cc:210] This TensorFlow binary is optimized to use available CPU instructions in performance-critical operations.
To enable the following instructions: AVX2 FMA, in other operations, rebuild TensorFlow with the appropriate compiler flags.
2026-08-13 18:08:53.903999: W tensorflow/compiler/tf2tensorrt/utils/py_utils.cc:38] TF-TRT Warning: Could not find TensorRT
[second_order_koleo class 0] === START 18:08:58 order=2 entropy=True n_steps=1500 ===
[second_order_koleo class 0] data loaded in 1.8s
[second_order_koleo class 0] 5000 real samples, D=3072, device=cuda
[second_order_koleo_class0] step     0/1500 order=2 loss=-0.002245 means=0.00007695 cov=0.00000083  koleo=2.3225 elapsed=0.2s
[second_order_koleo_class0] step   300/1500 order=2 loss=-0.002381 means=0.00000003 cov=0.00000094  koleo=2.3816 elapsed=12.9s
[second_order_koleo_class0] step   600/1500 order=2 loss=-0.002422 means=0.00000004 cov=0.00000101  koleo=2.4227 elapsed=25.7s
[second_order_koleo_class0] step   900/1500 order=2 loss=-0.002454 means=0.00000003 cov=0.00000108  koleo=2.4553 elapsed=38.7s
[second_order_koleo_class0] step  1200/1500 order=2 loss=-0.002482 means=0.00000004 cov=0.00000115  koleo=2.4833 elapsed=51.7s
[second_order_koleo_class0] step  1499/1500 order=2 loss=-0.002507 means=0.00000005 cov=0.00000122  koleo=2.5081 elapsed=64.8s
[second_order_koleo_class0] [final] order=2 use_entropy=True means=0.00000004 cov=1.2187631455162773e-06 moments={} koleo=2.5082 range=[0.0000,1.0000]
[second_order_koleo class 0] optimization done in 66.1s (1.1 min)
[second_order_koleo class 0] saved to /home/nakano/server/moment_data/deletion/second_order_koleo/_partial/class0.npz
[second_order_koleo class 0] shape=(5000, 32, 32, 3) range=[0.0000,1.0000]
[second_order_koleo class 0] === END 18:10:09 total_wall=71.1s (1.2 min) ===
2026-08-13 18:10:11.668768: I tensorflow/core/platform/cpu_feature_guard.cc:210] This TensorFlow binary is optimized to use available CPU instructions in performance-critical operations.
To enable the following instructions: AVX2 FMA, in other operations, rebuild TensorFlow with the appropriate compiler flags.
2026-08-13 18:10:12.395811: W tensorflow/compiler/tf2tensorrt/utils/py_utils.cc:38] TF-TRT Warning: Could not find TensorRT
[second_order_koleo class 1] === START 18:10:15 order=2 entropy=True n_steps=1500 ===
[second_order_koleo class 1] data loaded in 1.7s
[second_order_koleo class 1] 5000 real samples, D=3072, device=cuda
[second_order_koleo_class1] step     0/1500 order=2 loss=-0.002402 means=0.00008746 cov=0.00000113  koleo=2.4904 elapsed=0.2s
[second_order_koleo_class1] step   300/1500 order=2 loss=-0.002530 means=0.00000008 cov=0.00000120  koleo=2.5308 elapsed=13.3s
[second_order_koleo_class1] step   600/1500 order=2 loss=-0.002561 means=0.00000003 cov=0.00000125  koleo=2.5619 elapsed=26.5s
[second_order_koleo_class1] step   900/1500 order=2 loss=-0.002585 means=0.00000004 cov=0.00000131  koleo=2.5867 elapsed=40.0s
[second_order_koleo_class1] step  1200/1500 order=2 loss=-0.002607 means=0.00000003 cov=0.00000136  koleo=2.6080 elapsed=53.5s
[second_order_koleo_class1] step  1499/1500 order=2 loss=-0.002625 means=0.00000006 cov=0.00000142  koleo=2.6270 elapsed=67.1s
[second_order_koleo_class1] [final] order=2 use_entropy=True means=0.00000008 cov=1.4154189784676419e-06 moments={} koleo=2.6270 range=[0.0000,1.0000]
[second_order_koleo class 1] optimization done in 68.4s (1.1 min)
[second_order_koleo class 1] saved to /home/nakano/server/moment_data/deletion/second_order_koleo/_partial/class1.npz
[second_order_koleo class 1] shape=(5000, 32, 32, 3) range=[0.0000,1.0000]
[second_order_koleo class 1] === END 18:11:29 total_wall=73.1s (1.2 min) ===
2026-08-13 18:11:31.198011: I tensorflow/core/platform/cpu_feature_guard.cc:210] This TensorFlow binary is optimized to use available CPU instructions in performance-critical operations.
To enable the following instructions: AVX2 FMA, in other operations, rebuild TensorFlow with the appropriate compiler flags.
2026-08-13 18:11:31.929009: W tensorflow/compiler/tf2tensorrt/utils/py_utils.cc:38] TF-TRT Warning: Could not find TensorRT
[second_order_koleo class 2] === START 18:11:35 order=2 entropy=True n_steps=1500 ===
[second_order_koleo class 2] data loaded in 1.9s
[second_order_koleo class 2] 5000 real samples, D=3072, device=cuda
[second_order_koleo_class2] step     0/1500 order=2 loss=-0.002201 means=0.00009259 cov=0.00000053  koleo=2.2945 elapsed=0.2s
[second_order_koleo_class2] step   300/1500 order=2 loss=-0.002358 means=0.00000004 cov=0.00000062  koleo=2.3591 elapsed=13.5s
[second_order_koleo_class2] step   600/1500 order=2 loss=-0.002402 means=0.00000003 cov=0.00000070  koleo=2.4032 elapsed=27.0s
[second_order_koleo_class2] step   900/1500 order=2 loss=-0.002437 means=0.00000003 cov=0.00000078  koleo=2.4379 elapsed=40.6s
[second_order_koleo_class2] step  1200/1500 order=2 loss=-0.002467 means=0.00000004 cov=0.00000085  koleo=2.4676 elapsed=54.4s
[second_order_koleo_class2] step  1499/1500 order=2 loss=-0.002493 means=0.00000003 cov=0.00000093  koleo=2.4940 elapsed=68.1s
[second_order_koleo_class2] [final] order=2 use_entropy=True means=0.00000004 cov=9.271649901165802e-07 moments={} koleo=2.4941 range=[0.0000,1.0000]
[second_order_koleo class 2] optimization done in 69.4s (1.2 min)
[second_order_koleo class 2] saved to /home/nakano/server/moment_data/deletion/second_order_koleo/_partial/class2.npz
[second_order_koleo class 2] shape=(5000, 32, 32, 3) range=[0.0000,1.0000]
[second_order_koleo class 2] === END 18:12:50 total_wall=74.4s (1.2 min) ===
2026-08-13 18:12:52.153399: I tensorflow/core/platform/cpu_feature_guard.cc:210] This TensorFlow binary is optimized to use available CPU instructions in performance-critical operations.
To enable the following instructions: AVX2 FMA, in other operations, rebuild TensorFlow with the appropriate compiler flags.
2026-08-13 18:12:52.932760: W tensorflow/compiler/tf2tensorrt/utils/py_utils.cc:38] TF-TRT Warning: Could not find TensorRT
[second_order_koleo class 3] === START 18:12:56 order=2 entropy=True n_steps=1500 ===
[second_order_koleo class 3] data loaded in 2.0s
[second_order_koleo class 3] 5000 real samples, D=3072, device=cuda
[second_order_koleo_class3] step     0/1500 order=2 loss=-0.002304 means=0.00010718 cov=0.00000088  koleo=2.4117 elapsed=0.2s
[second_order_koleo_class3] step   300/1500 order=2 loss=-0.002460 means=0.00000004 cov=0.00000098  koleo=2.4614 elapsed=13.5s
[second_order_koleo_class3] step   600/1500 order=2 loss=-0.002497 means=0.00000004 cov=0.00000104  koleo=2.4981 elapsed=27.1s
[second_order_koleo_class3] step   900/1500 order=2 loss=-0.002526 means=0.00000003 cov=0.00000110  koleo=2.5272 elapsed=40.7s
[second_order_koleo_class3] step  1200/1500 order=2 loss=-0.002551 means=0.00000003 cov=0.00000116  koleo=2.5519 elapsed=54.6s
[second_order_koleo_class3] step  1499/1500 order=2 loss=-0.002573 means=0.00000003 cov=0.00000122  koleo=2.5738 elapsed=68.5s
[second_order_koleo_class3] [final] order=2 use_entropy=True means=0.00000004 cov=1.2244105391800986e-06 moments={} koleo=2.5739 range=[0.0000,1.0000]
[second_order_koleo class 3] optimization done in 69.7s (1.2 min)
[second_order_koleo class 3] saved to /home/nakano/server/moment_data/deletion/second_order_koleo/_partial/class3.npz
[second_order_koleo class 3] shape=(5000, 32, 32, 3) range=[0.0000,1.0000]
[second_order_koleo class 3] === END 18:14:11 total_wall=74.9s (1.2 min) ===
2026-08-13 18:14:13.510759: I tensorflow/core/platform/cpu_feature_guard.cc:210] This TensorFlow binary is optimized to use available CPU instructions in performance-critical operations.
To enable the following instructions: AVX2 FMA, in other operations, rebuild TensorFlow with the appropriate compiler flags.
2026-08-13 18:14:14.227935: W tensorflow/compiler/tf2tensorrt/utils/py_utils.cc:38] TF-TRT Warning: Could not find TensorRT
[second_order_koleo class 4] === START 18:14:17 order=2 entropy=True n_steps=1500 ===
[second_order_koleo class 4] data loaded in 1.8s
[second_order_koleo class 4] 5000 real samples, D=3072, device=cuda
[second_order_koleo_class4] step     0/1500 order=2 loss=-0.002149 means=0.00009890 cov=0.00000039  koleo=2.2487 elapsed=0.2s
[second_order_koleo_class4] step   300/1500 order=2 loss=-0.002317 means=0.00000003 cov=0.00000048  koleo=2.3176 elapsed=13.6s
[second_order_koleo_class4] step   600/1500 order=2 loss=-0.002364 means=0.00000003 cov=0.00000053  koleo=2.3647 elapsed=27.1s
[second_order_koleo_class4] step   900/1500 order=2 loss=-0.002401 means=0.00000005 cov=0.00000059  koleo=2.4017 elapsed=40.8s
[second_order_koleo_class4] step  1200/1500 order=2 loss=-0.002433 means=0.00000004 cov=0.00000064  koleo=2.4335 elapsed=54.6s
[second_order_koleo_class4] step  1499/1500 order=2 loss=-0.002461 means=0.00000008 cov=0.00000070  koleo=2.4617 elapsed=68.7s
[second_order_koleo_class4] [final] order=2 use_entropy=True means=0.00000007 cov=6.96158792834467e-07 moments={} koleo=2.4618 range=[0.0000,1.0000]
[second_order_koleo class 4] optimization done in 70.0s (1.2 min)
[second_order_koleo class 4] saved to /home/nakano/server/moment_data/deletion/second_order_koleo/_partial/class4.npz
[second_order_koleo class 4] shape=(5000, 32, 32, 3) range=[0.0000,1.0000]
[second_order_koleo class 4] === END 18:15:32 total_wall=74.9s (1.2 min) ===
2026-08-13 18:15:34.817291: I tensorflow/core/platform/cpu_feature_guard.cc:210] This TensorFlow binary is optimized to use available CPU instructions in performance-critical operations.
To enable the following instructions: AVX2 FMA, in other operations, rebuild TensorFlow with the appropriate compiler flags.
2026-08-13 18:15:35.536557: W tensorflow/compiler/tf2tensorrt/utils/py_utils.cc:38] TF-TRT Warning: Could not find TensorRT
[second_order_koleo class 5] === START 18:15:39 order=2 entropy=True n_steps=1500 ===
[second_order_koleo class 5] data loaded in 1.7s
[second_order_koleo class 5] 5000 real samples, D=3072, device=cuda
[second_order_koleo_class5] step     0/1500 order=2 loss=-0.002327 means=0.00009646 cov=0.00000063  koleo=2.4238 elapsed=0.2s
[second_order_koleo_class5] step   300/1500 order=2 loss=-0.002472 means=0.00000004 cov=0.00000071  koleo=2.4725 elapsed=13.6s
[second_order_koleo_class5] step   600/1500 order=2 loss=-0.002507 means=0.00000002 cov=0.00000076  koleo=2.5082 elapsed=27.2s
[second_order_koleo_class5] step   900/1500 order=2 loss=-0.002535 means=0.00000003 cov=0.00000081  koleo=2.5363 elapsed=41.0s
[second_order_koleo_class5] step  1200/1500 order=2 loss=-0.002559 means=0.00000003 cov=0.00000085  koleo=2.5603 elapsed=54.9s
[second_order_koleo_class5] step  1499/1500 order=2 loss=-0.002581 means=0.00000004 cov=0.00000090  koleo=2.5816 elapsed=68.9s
[second_order_koleo_class5] [final] order=2 use_entropy=True means=0.00000003 cov=8.98646135283343e-07 moments={} koleo=2.5817 range=[0.0000,1.0000]
[second_order_koleo class 5] optimization done in 70.2s (1.2 min)
[second_order_koleo class 5] saved to /home/nakano/server/moment_data/deletion/second_order_koleo/_partial/class5.npz
[second_order_koleo class 5] shape=(5000, 32, 32, 3) range=[0.0000,1.0000]
[second_order_koleo class 5] === END 18:16:54 total_wall=75.1s (1.3 min) ===
2026-08-13 18:16:56.296444: I tensorflow/core/platform/cpu_feature_guard.cc:210] This TensorFlow binary is optimized to use available CPU instructions in performance-critical operations.
To enable the following instructions: AVX2 FMA, in other operations, rebuild TensorFlow with the appropriate compiler flags.
2026-08-13 18:16:57.013131: W tensorflow/compiler/tf2tensorrt/utils/py_utils.cc:38] TF-TRT Warning: Could not find TensorRT
[second_order_koleo class 6] === START 18:17:00 order=2 entropy=True n_steps=1500 ===
[second_order_koleo class 6] data loaded in 2.1s
[second_order_koleo class 6] 5000 real samples, D=3072, device=cuda
[second_order_koleo_class6] step     0/1500 order=2 loss=-0.002171 means=0.00012458 cov=0.00000064  koleo=2.2963 elapsed=0.2s
[second_order_koleo_class6] step   300/1500 order=2 loss=-0.002354 means=0.00000004 cov=0.00000079  koleo=2.3551 elapsed=13.6s
[second_order_koleo_class6] step   600/1500 order=2 loss=-0.002397 means=0.00000004 cov=0.00000086  koleo=2.3977 elapsed=27.2s
[second_order_koleo_class6] step   900/1500 order=2 loss=-0.002431 means=0.00000004 cov=0.00000093  koleo=2.4316 elapsed=41.0s
[second_order_koleo_class6] step  1200/1500 order=2 loss=-0.002460 means=0.00000003 cov=0.00000100  koleo=2.4611 elapsed=55.1s
[second_order_koleo_class6] step  1499/1500 order=2 loss=-0.002486 means=0.00000003 cov=0.00000106  koleo=2.4874 elapsed=69.3s
[second_order_koleo_class6] [final] order=2 use_entropy=True means=0.00000002 cov=1.0629066764522577e-06 moments={} koleo=2.4875 range=[0.0000,1.0000]
[second_order_koleo class 6] optimization done in 70.6s (1.2 min)
[second_order_koleo class 6] saved to /home/nakano/server/moment_data/deletion/second_order_koleo/_partial/class6.npz
[second_order_koleo class 6] shape=(5000, 32, 32, 3) range=[0.0000,1.0000]
[second_order_koleo class 6] === END 18:18:16 total_wall=75.8s (1.3 min) ===
2026-08-13 18:18:18.577802: I tensorflow/core/platform/cpu_feature_guard.cc:210] This TensorFlow binary is optimized to use available CPU instructions in performance-critical operations.
To enable the following instructions: AVX2 FMA, in other operations, rebuild TensorFlow with the appropriate compiler flags.
2026-08-13 18:18:19.294459: W tensorflow/compiler/tf2tensorrt/utils/py_utils.cc:38] TF-TRT Warning: Could not find TensorRT
[second_order_koleo class 7] === START 18:18:22 order=2 entropy=True n_steps=1500 ===
[second_order_koleo class 7] data loaded in 1.6s
[second_order_koleo class 7] 5000 real samples, D=3072, device=cuda
[second_order_koleo_class7] step     0/1500 order=2 loss=-0.002349 means=0.00008645 cov=0.00000073  koleo=2.4361 elapsed=0.2s
[second_order_koleo_class7] step   300/1500 order=2 loss=-0.002483 means=0.00000004 cov=0.00000078  koleo=2.4842 elapsed=13.7s
[second_order_koleo_class7] step   600/1500 order=2 loss=-0.002518 means=0.00000004 cov=0.00000082  koleo=2.5187 elapsed=27.3s
[second_order_koleo_class7] step   900/1500 order=2 loss=-0.002545 means=0.00000003 cov=0.00000086  koleo=2.5462 elapsed=41.0s
[second_order_koleo_class7] step  1200/1500 order=2 loss=-0.002569 means=0.00000004 cov=0.00000091  koleo=2.5697 elapsed=54.7s
[second_order_koleo_class7] step  1499/1500 order=2 loss=-0.002590 means=0.00000004 cov=0.00000095  koleo=2.5906 elapsed=68.4s
[second_order_koleo_class7] [final] order=2 use_entropy=True means=0.00000005 cov=9.472093438489537e-07 moments={} koleo=2.5907 range=[0.0000,1.0000]
[second_order_koleo class 7] optimization done in 69.7s (1.2 min)
[second_order_koleo class 7] saved to /home/nakano/server/moment_data/deletion/second_order_koleo/_partial/class7.npz
[second_order_koleo class 7] shape=(5000, 32, 32, 3) range=[0.0000,1.0000]
[second_order_koleo class 7] === END 18:19:37 total_wall=74.5s (1.2 min) ===
2026-08-13 18:19:39.459528: I tensorflow/core/platform/cpu_feature_guard.cc:210] This TensorFlow binary is optimized to use available CPU instructions in performance-critical operations.
To enable the following instructions: AVX2 FMA, in other operations, rebuild TensorFlow with the appropriate compiler flags.
2026-08-13 18:19:40.175175: W tensorflow/compiler/tf2tensorrt/utils/py_utils.cc:38] TF-TRT Warning: Could not find TensorRT
[second_order_koleo class 8] === START 18:19:43 order=2 entropy=True n_steps=1500 ===
[second_order_koleo class 8] data loaded in 1.7s
[second_order_koleo class 8] 5000 real samples, D=3072, device=cuda
[second_order_koleo_class8] step     0/1500 order=2 loss=-0.002252 means=0.00005629 cov=0.00000068  koleo=2.3091 elapsed=0.2s
[second_order_koleo_class8] step   300/1500 order=2 loss=-0.002371 means=0.00000003 cov=0.00000075  koleo=2.3718 elapsed=13.6s
[second_order_koleo_class8] step   600/1500 order=2 loss=-0.002413 means=0.00000005 cov=0.00000079  koleo=2.4143 elapsed=27.2s
[second_order_koleo_class8] step   900/1500 order=2 loss=-0.002447 means=0.00000003 cov=0.00000084  koleo=2.4474 elapsed=40.8s
[second_order_koleo_class8] step  1200/1500 order=2 loss=-0.002475 means=0.00000003 cov=0.00000088  koleo=2.4755 elapsed=54.8s
[second_order_koleo_class8] step  1499/1500 order=2 loss=-0.002500 means=0.00000003 cov=0.00000093  koleo=2.5005 elapsed=68.9s
[second_order_koleo_class8] [final] order=2 use_entropy=True means=0.00000003 cov=9.275933621211152e-07 moments={} koleo=2.5005 range=[0.0000,1.0000]
[second_order_koleo class 8] optimization done in 70.1s (1.2 min)
[second_order_koleo class 8] saved to /home/nakano/server/moment_data/deletion/second_order_koleo/_partial/class8.npz
[second_order_koleo class 8] shape=(5000, 32, 32, 3) range=[0.0000,1.0000]
[second_order_koleo class 8] === END 18:20:58 total_wall=75.0s (1.3 min) ===
2026-08-13 18:21:00.903632: I tensorflow/core/platform/cpu_feature_guard.cc:210] This TensorFlow binary is optimized to use available CPU instructions in performance-critical operations.
To enable the following instructions: AVX2 FMA, in other operations, rebuild TensorFlow with the appropriate compiler flags.
2026-08-13 18:21:01.621646: W tensorflow/compiler/tf2tensorrt/utils/py_utils.cc:38] TF-TRT Warning: Could not find TensorRT
[second_order_koleo class 9] === START 18:21:05 order=2 entropy=True n_steps=1500 ===
[second_order_koleo class 9] data loaded in 1.6s
[second_order_koleo class 9] 5000 real samples, D=3072, device=cuda
[second_order_koleo_class9] step     0/1500 order=2 loss=-0.002379 means=0.00011288 cov=0.00000089  koleo=2.4924 elapsed=0.2s
[second_order_koleo_class9] step   300/1500 order=2 loss=-0.002529 means=0.00000003 cov=0.00000099  koleo=2.5296 elapsed=13.6s
[second_order_koleo_class9] step   600/1500 order=2 loss=-0.002559 means=0.00000003 cov=0.00000102  koleo=2.5600 elapsed=27.1s
[second_order_koleo_class9] step   900/1500 order=2 loss=-0.002583 means=0.00000003 cov=0.00000105  koleo=2.5842 elapsed=40.8s
[second_order_koleo_class9] step  1200/1500 order=2 loss=-0.002604 means=0.00000003 cov=0.00000108  koleo=2.6051 elapsed=54.6s
[second_order_koleo_class9] step  1499/1500 order=2 loss=-0.002623 means=0.00000004 cov=0.00000111  koleo=2.6237 elapsed=68.5s
[second_order_koleo_class9] [final] order=2 use_entropy=True means=0.00000003 cov=1.1147297982461168e-06 moments={} koleo=2.6237 range=[0.0000,1.0000]
[second_order_koleo class 9] optimization done in 69.7s (1.2 min)
[second_order_koleo class 9] saved to /home/nakano/server/moment_data/deletion/second_order_koleo/_partial/class9.npz
[second_order_koleo class 9] shape=(5000, 32, 32, 3) range=[0.0000,1.0000]
[second_order_koleo class 9] === END 18:22:19 total_wall=74.5s (1.2 min) ===
